error: `$DIR::public_platform_selection` selects a platform inside a non-private function; keep the outer body platform-neutral and delegate to cfg-selected private implementations
  --> $DIR/disallowed_visibility.rs:1:1
   |
LL | / pub fn public_platform_selection() -> u8 {
LL | |     if cfg!(windows) { 2 } else { 1 }
LL | | }
   | |_^
   |
   = note: `#[deny(ban_platform_cfg_in_public_fn)]` on by default

error: `$DIR::outer_attribute_selection@cfg(unix)` selects a platform inside a non-private function; keep the outer body platform-neutral and delegate to cfg-selected private implementations
  --> $DIR/disallowed_visibility.rs:6:1
   |
LL | / pub fn outer_attribute_selection() -> u8 {
LL | |     1
LL | | }
   | |_^

error: `$DIR::crate_platform_selection` selects a platform inside a non-private function; keep the outer body platform-neutral and delegate to cfg-selected private implementations
  --> $DIR/disallowed_visibility.rs:10:1
   |
LL | / pub(crate) fn crate_platform_selection() -> u8 {
LL | |     #[cfg(unix)]
LL | |     return 1;
LL | |     #[cfg(windows)]
LL | |     return 2;
LL | | }
   | |_^

error: `$DIR::nested::parent_platform_selection` selects a platform inside a non-private function; keep the outer body platform-neutral and delegate to cfg-selected private implementations
  --> $DIR/disallowed_visibility.rs:18:5
   |
LL | /     pub(super) fn parent_platform_selection() -> u8 {
LL | |         if cfg!(target_os = "linux") { 1 } else { 2 }
LL | |     }
   | |_____^

error: `$DIR::nested::path_platform_selection` selects a platform inside a non-private function; keep the outer body platform-neutral and delegate to cfg-selected private implementations
  --> $DIR/disallowed_visibility.rs:22:5
   |
LL | /     pub(in crate) fn path_platform_selection() -> u8 {
LL | |         #[cfg_attr(windows, allow(dead_code))]
LL | |         let value = 1;
LL | |         value
LL | |     }
   | |_____^
